src/app/(auth)/forgot-password/page.tsx(8,80): error TS2307: Cannot find module '@/components/ui/form' or its corresponding type declarations.
src/app/(auth)/forgot-password/page.tsx(54,19): error TS2322: Type '{ children: Element; asChild: true; className: string; }' is not assignable to type 'IntrinsicAttributes & ButtonProps & VariantProps<(props?: (ConfigVariants<{ variant: { default: string; outline: string; secondary: string; ghost: string; destructive: string; link: string; }; size: { ...; }; }> & ClassProp) | undefined) => string>'.
  Property 'asChild' does not exist on type 'IntrinsicAttributes & ButtonProps & VariantProps<(props?: (ConfigVariants<{ variant: { default: string; outline: string; secondary: string; ghost: string; destructive: string; link: string; }; size: { ...; }; }> & ClassProp) | undefined) => string>'.
src/app/(auth)/forgot-password/page.tsx(64,26): error TS7031: Binding element 'field' implicitly has an 'any' type.
src/app/(auth)/reset-password/page.tsx(8,80): error TS2307: Cannot find module '@/components/ui/form' or its corresponding type declarations.
src/app/(auth)/reset-password/page.tsx(70,24): error TS7031: Binding element 'field' implicitly has an 'any' type.
src/app/(auth)/reset-password/page.tsx(83,24): error TS7031: Binding element 'field' implicitly has an 'any' type.
src/app/(main)/feed/page.tsx(55,21): error TS2322: Type '{ children: Element; asChild: true; }' is not assignable to type 'IntrinsicAttributes & ButtonProps & VariantProps<(props?: (ConfigVariants<{ variant: { default: string; outline: string; secondary: string; ghost: string; destructive: string; link: string; }; size: { ...; }; }> & ClassProp) | undefined) => string>'.
  Property 'asChild' does not exist on type 'IntrinsicAttributes & ButtonProps & VariantProps<(props?: (ConfigVariants<{ variant: { default: string; outline: string; secondary: string; ghost: string; destructive: string; link: string; }; size: { ...; }; }> & ClassProp) | undefined) => string>'.
src/app/(main)/feed/page.tsx(126,23): error TS2322: Type '{ children: Element; asChild: true; variant: "outline"; className: string; }' is not assignable to type 'IntrinsicAttributes & ButtonProps & VariantProps<(props?: (ConfigVariants<{ variant: { default: string; outline: string; secondary: string; ghost: string; destructive: string; link: string; }; size: { ...; }; }> & ClassProp) | undefined) => string>'.
  Property 'asChild' does not exist on type 'IntrinsicAttributes & ButtonProps & VariantProps<(props?: (ConfigVariants<{ variant: { default: string; outline: string; secondary: string; ghost: string; destructive: string; link: string; }; size: { ...; }; }> & ClassProp) | undefined) => string>'.
src/app/(main)/profile/company/page.tsx(56,17): error TS2322: Type '{ children: Element; asChild: true; variant: "outline"; }' is not assignable to type 'IntrinsicAttributes & ButtonProps & VariantProps<(props?: (ConfigVariants<{ variant: { default: string; outline: string; secondary: string; ghost: string; destructive: string; link: string; }; size: { ...; }; }> & ClassProp) | undefined) => string>'.
  Property 'asChild' does not exist on type 'IntrinsicAttributes & ButtonProps & VariantProps<(props?: (ConfigVariants<{ variant: { default: string; outline: string; secondary: string; ghost: string; destructive: string; link: string; }; size: { ...; }; }> & ClassProp) | undefined) => string>'.
src/app/(main)/profile/page.tsx(9,80): error TS2307: Cannot find module '@/components/ui/form' or its corresponding type declarations.
src/app/(main)/profile/page.tsx(117,29): error TS2322: Type '{ children: Element; asChild: true; variant: "outline"; }' is not assignable to type 'IntrinsicAttributes & ButtonProps & VariantProps<(props?: (ConfigVariants<{ variant: { default: string; outline: string; secondary: string; ghost: string; destructive: string; link: string; }; size: { ...; }; }> & ClassProp) | undefined) => string>'.
  Property 'asChild' does not exist on type 'IntrinsicAttributes & ButtonProps & VariantProps<(props?: (ConfigVariants<{ variant: { default: string; outline: string; secondary: string; ghost: string; destructive: string; link: string; }; size: { ...; }; }> & ClassProp) | undefined) => string>'.
src/app/(main)/profile/page.tsx(124,29): error TS2322: Type '{ children: Element; asChild: true; }' is not assignable to type 'IntrinsicAttributes & ButtonProps & VariantProps<(props?: (ConfigVariants<{ variant: { default: string; outline: string; secondary: string; ghost: string; destructive: string; link: string; }; size: { ...; }; }> & ClassProp) | undefined) => string>'.
  Property 'asChild' does not exist on type 'IntrinsicAttributes & ButtonProps & VariantProps<(props?: (ConfigVariants<{ variant: { default: string; outline: string; secondary: string; ghost: string; destructive: string; link: string; }; size: { ...; }; }> & ClassProp) | undefined) => string>'.
src/app/(main)/profile/page.tsx(148,27): error TS2322: Type '{ children: Element; asChild: true; variant: "outline"; }' is not assignable to type 'IntrinsicAttributes & ButtonProps & VariantProps<(props?: (ConfigVariants<{ variant: { default: string; outline: string; secondary: string; ghost: string; destructive: string; link: string; }; size: { ...; }; }> & ClassProp) | undefined) => string>'.
  Property 'asChild' does not exist on type 'IntrinsicAttributes & ButtonProps & VariantProps<(props?: (ConfigVariants<{ variant: { default: string; outline: string; secondary: string; ghost: string; destructive: string; link: string; }; size: { ...; }; }> & ClassProp) | undefined) => string>'.
src/app/(main)/profile/page.tsx(167,32): error TS7031: Binding element 'field' implicitly has an 'any' type.
src/app/(main)/profile/page.tsx(180,32): error TS7031: Binding element 'field' implicitly has an 'any' type.
src/app/(main)/profile/page.tsx(193,32): error TS7031: Binding element 'field' implicitly has an 'any' type.
src/app/(main)/sessions/[id]/page.tsx(118,56): error TS2339: Property 'picture' does not exist on type 'Pick<User, "name" | "id">'.
src/app/admin/companies/page.tsx(91,81): error TS2345: Argument of type 'string | null' is not assignable to parameter of type 'string'.
  Type 'null' is not assignable to type 'string'.
src/app/admin/users/page.tsx(107,56): error TS2322: Type 'string | null' is not assignable to type 'string'.
  Type 'null' is not assignable to type 'string'.
src/components/auth/LoginForm.tsx(8,80): error TS2307: Cannot find module '@/components/ui/form' or its corresponding type declarations.
src/components/auth/LoginForm.tsx(70,24): error TS7031: Binding element 'field' implicitly has an 'any' type.
src/components/auth/LoginForm.tsx(83,24): error TS7031: Binding element 'field' implicitly has an 'any' type.
src/components/auth/RegisterForm.tsx(8,80): error TS2307: Cannot find module '@/components/ui/form' or its corresponding type declarations.
src/components/auth/RegisterForm.tsx(70,24): error TS7031: Binding element 'field' implicitly has an 'any' type.
src/components/auth/RegisterForm.tsx(83,24): error TS7031: Binding element 'field' implicitly has an 'any' type.
src/components/auth/RegisterForm.tsx(96,24): error TS7031: Binding element 'field' implicitly has an 'any' type.
src/components/auth/RegisterForm.tsx(109,24): error TS7031: Binding element 'field' implicitly has an 'any' type.
src/components/company/CompanyForm.tsx(9,80): error TS2307: Cannot find module '@/components/ui/form' or its corresponding type declarations.
src/components/company/CompanyForm.tsx(87,24): error TS7031: Binding element 'field' implicitly has an 'any' type.
src/components/company/CompanyForm.tsx(100,24): error TS7031: Binding element 'field' implicitly has an 'any' type.
src/components/company/CompanyForm.tsx(113,24): error TS7031: Binding element 'field' implicitly has an 'any' type.
src/components/company/CompanyForm.tsx(137,24): error TS7031: Binding element 'field' implicitly has an 'any' type.
src/components/company/CompanyForm.tsx(162,22): error TS7031: Binding element 'field' implicitly has an 'any' type.
src/components/discussion/CommentForm.tsx(8,69): error TS2307: Cannot find module '@/components/ui/form' or its corresponding type declarations.
src/components/discussion/CommentForm.tsx(64,22): error TS7031: Binding element 'field' implicitly has an 'any' type.
src/components/discussion/DiscussionForm.tsx(9,80): error TS2307: Cannot find module '@/components/ui/form' or its corresponding type declarations.
src/components/discussion/DiscussionForm.tsx(11,24): error TS2307: Cannot find module '@/components/ui/switch' or its corresponding type declarations.
src/components/discussion/DiscussionForm.tsx(34,5): error TS2322: Type 'Resolver<{ title: string; content: string; topic: "MARKETING" | "FUNDING" | "HIRING" | "OPERATIONS" | "TECH" | "GENERAL"; isPublic?: boolean | undefined; }, any, { title: string; content: string; topic: "MARKETING" | ... 4 more ... | "GENERAL"; isPublic: boolean; }>' is not assignable to type 'Resolver<{ title: string; content: string; topic: "MARKETING" | "FUNDING" | "HIRING" | "OPERATIONS" | "TECH" | "GENERAL"; isPublic: boolean; }, any, { title: string; content: string; topic: "MARKETING" | ... 4 more ... | "GENERAL"; isPublic: boolean; }>'.
  Types of parameters 'options' and 'options' are incompatible.
    Type 'ResolverOptions<{ title: string; content: string; topic: "MARKETING" | "FUNDING" | "HIRING" | "OPERATIONS" | "TECH" | "GENERAL"; isPublic: boolean; }>' is not assignable to type 'ResolverOptions<{ title: string; content: string; topic: "MARKETING" | "FUNDING" | "HIRING" | "OPERATIONS" | "TECH" | "GENERAL"; isPublic?: boolean | undefined; }>'.
      Type 'boolean | undefined' is not assignable to type 'boolean'.
        Type 'undefined' is not assignable to type 'boolean'.
src/components/discussion/DiscussionForm.tsx(64,41): error TS2345: Argument of type '(data: { title: string; content: string; topic: "MARKETING" | "FUNDING" | "HIRING" | "OPERATIONS" | "TECH" | "GENERAL"; isPublic: boolean; }) => Promise<void>' is not assignable to parameter of type 'SubmitHandler<TFieldValues>'.
  Types of parameters 'data' and 'data' are incompatible.
    Type 'TFieldValues' is not assignable to type '{ title: string; content: string; topic: "MARKETING" | "FUNDING" | "HIRING" | "OPERATIONS" | "TECH" | "GENERAL"; isPublic: boolean; }'.
      Type 'FieldValues' is missing the following properties from type '{ title: string; content: string; topic: "MARKETING" | "FUNDING" | "HIRING" | "OPERATIONS" | "TECH" | "GENERAL"; isPublic: boolean; }': title, content, topic, isPublic
src/components/discussion/DiscussionForm.tsx(68,22): error TS7031: Binding element 'field' implicitly has an 'any' type.
src/components/discussion/DiscussionForm.tsx(81,22): error TS7031: Binding element 'field' implicitly has an 'any' type.
src/components/discussion/DiscussionForm.tsx(106,22): error TS7031: Binding element 'field' implicitly has an 'any' type.
src/components/discussion/DiscussionForm.tsx(119,22): error TS7031: Binding element 'field' implicitly has an 'any' type.
src/components/layout/MobileNav.tsx(33,23): error TS2322: Type '{ children: Element; asChild: true; }' is not assignable to type 'IntrinsicAttributes & Props<unknown>'.
  Property 'asChild' does not exist on type 'IntrinsicAttributes & Props<unknown>'.
src/components/layout/Navbar.tsx(39,32): error TS2322: Type '{ children: Element; asChild: true; }' is not assignable to type 'IntrinsicAttributes & Props<unknown>'.
  Property 'asChild' does not exist on type 'IntrinsicAttributes & Props<unknown>'.
src/components/layout/Navbar.tsx(47,61): error TS2322: Type '{ children: Element[]; className: string; align: "end"; forceMount: true; }' is not assignable to type 'IntrinsicAttributes & MenuPopupProps & Pick<MenuPositionerProps, "align" | "alignOffset" | "side" | "sideOffset">'.
  Property 'forceMount' does not exist on type 'IntrinsicAttributes & MenuPopupProps & Pick<MenuPositionerProps, "align" | "alignOffset" | "side" | "sideOffset">'.
src/components/mentor/BookingForm.tsx(7,80): error TS2307: Cannot find module '@/components/ui/form' or its corresponding type declarations.
src/components/mentor/BookingForm.tsx(78,24): error TS7031: Binding element 'field' implicitly has an 'any' type.
src/components/mentor/BookingForm.tsx(93,24): error TS7031: Binding element 'field' implicitly has an 'any' type.
src/components/mentor/MentorCard.tsx(57,17): error TS2322: Type '{ children: Element; asChild: true; size: "sm"; }' is not assignable to type 'IntrinsicAttributes & ButtonProps & VariantProps<(props?: (ConfigVariants<{ variant: { default: string; outline: string; secondary: string; ghost: string; destructive: string; link: string; }; size: { ...; }; }> & ClassProp) | undefined) => string>'.
  Property 'asChild' does not exist on type 'IntrinsicAttributes & ButtonProps & VariantProps<(props?: (ConfigVariants<{ variant: { default: string; outline: string; secondary: string; ghost: string; destructive: string; link: string; }; size: { ...; }; }> & ClassProp) | undefined) => string>'.
src/components/mentor/MentorProfileForm.tsx(9,80): error TS2307: Cannot find module '@/components/ui/form' or its corresponding type declarations.
src/components/mentor/MentorProfileForm.tsx(10,24): error TS2307: Cannot find module '@/components/ui/switch' or its corresponding type declarations.
src/components/mentor/MentorProfileForm.tsx(41,5): error TS2322: Type 'Resolver<{ bio: string; tokenPrice: unknown; expertiseStr: string; categoriesStr: string; isActive?: boolean | undefined; }, any, { bio: string; tokenPrice: number; isActive: boolean; expertiseStr: string; categoriesStr: string; }>' is not assignable to type 'Resolver<{ bio: string; tokenPrice: number; isActive: boolean; expertiseStr: string; categoriesStr: string; }, any, { bio: string; tokenPrice: number; isActive: boolean; expertiseStr: string; categoriesStr: string; }>'.
  Types of parameters 'options' and 'options' are incompatible.
    Type 'ResolverOptions<{ bio: string; tokenPrice: number; isActive: boolean; expertiseStr: string; categoriesStr: string; }>' is not assignable to type 'ResolverOptions<{ bio: string; tokenPrice: unknown; expertiseStr: string; categoriesStr: string; isActive?: boolean | undefined; }>'.
      Type 'unknown' is not assignable to type 'number'.
src/components/mentor/MentorProfileForm.tsx(96,41): error TS2345: Argument of type '(data: { bio: string; tokenPrice: number; isActive: boolean; expertiseStr: string; categoriesStr: string; }) => Promise<void>' is not assignable to parameter of type 'SubmitHandler<TFieldValues>'.
  Types of parameters 'data' and 'data' are incompatible.
    Type 'TFieldValues' is not assignable to type '{ bio: string; tokenPrice: number; isActive: boolean; expertiseStr: string; categoriesStr: string; }'.
      Type 'FieldValues' is missing the following properties from type '{ bio: string; tokenPrice: number; isActive: boolean; expertiseStr: string; categoriesStr: string; }': bio, tokenPrice, isActive, expertiseStr, categoriesStr
src/components/mentor/MentorProfileForm.tsx(100,22): error TS7031: Binding element 'field' implicitly has an 'any' type.
src/components/mentor/MentorProfileForm.tsx(115,24): error TS7031: Binding element 'field' implicitly has an 'any' type.
src/components/mentor/MentorProfileForm.tsx(129,24): error TS7031: Binding element 'field' implicitly has an 'any' type.
src/components/mentor/MentorProfileForm.tsx(152,24): error TS7031: Binding element 'field' implicitly has an 'any' type.
src/components/mentor/MentorProfileForm.tsx(188,24): error TS7031: Binding element 'field' implicitly has an 'any' type.
src/components/session/BookingCard.tsx(25,44): error TS2339: Property 'picture' does not exist on type 'Pick<User, "name" | "id">'.
src/components/session/BookingCard.tsx(50,45): error TS2322: Type '{ children: Element; variant: "outline"; size: "sm"; asChild: true; className: string; }' is not assignable to type 'IntrinsicAttributes & ButtonProps & VariantProps<(props?: (ConfigVariants<{ variant: { default: string; outline: string; secondary: string; ghost: string; destructive: string; link: string; }; size: { ...; }; }> & ClassProp) | undefined) => string>'.
  Property 'asChild' does not exist on type 'IntrinsicAttributes & ButtonProps & VariantProps<(props?: (ConfigVariants<{ variant: { default: string; outline: string; secondary: string; ghost: string; destructive: string; link: string; }; size: { ...; }; }> & ClassProp) | undefined) => string>'.
src/components/session/ReviewForm.tsx(8,80): error TS2307: Cannot find module '@/components/ui/form' or its corresponding type declarations.
src/components/session/ReviewForm.tsx(33,5): error TS2322: Type 'Resolver<{ rating: unknown; comment: string; }, any, { rating: number; comment: string; }>' is not assignable to type 'Resolver<{ rating: number; comment: string; }, any, { rating: number; comment: string; }>'.
  Types of parameters 'options' and 'options' are incompatible.
    Type 'ResolverOptions<{ rating: number; comment: string; }>' is not assignable to type 'ResolverOptions<{ rating: unknown; comment: string; }>'.
      Type 'unknown' is not assignable to type 'number'.
src/components/session/ReviewForm.tsx(52,41): error TS2345: Argument of type '(data: { rating: number; comment: string; }) => Promise<void>' is not assignable to parameter of type 'SubmitHandler<TFieldValues>'.
  Types of parameters 'data' and 'data' are incompatible.
    Type 'TFieldValues' is not assignable to type '{ rating: number; comment: string; }'.
      Type 'FieldValues' is missing the following properties from type '{ rating: number; comment: string; }': rating, comment
src/components/session/ReviewForm.tsx(56,22): error TS7031: Binding element 'field' implicitly has an 'any' type.
src/components/session/ReviewForm.tsx(80,22): error TS7031: Binding element 'field' implicitly has an 'any' type.
src/components/shared/EmptyState.tsx(21,21): error TS2322: Type '{ children: Element; asChild: true; }' is not assignable to type 'IntrinsicAttributes & ButtonProps & VariantProps<(props?: (ConfigVariants<{ variant: { default: string; outline: string; secondary: string; ghost: string; destructive: string; link: string; }; size: { ...; }; }> & ClassProp) | undefined) => string>'.
  Property 'asChild' does not exist on type 'IntrinsicAttributes & ButtonProps & VariantProps<(props?: (ConfigVariants<{ variant: { default: string; outline: string; secondary: string; ghost: string; destructive: string; link: string; }; size: { ...; }; }> & ClassProp) | undefined) => string>'.
